error: encountered duplicate `#[skip]`
 --> tests/ui/fail/skip/duplicate_setters_3.rs:5:24
  |
5 |     #[skip(setters)] #[skip]
  |                        ^^^^

error: duplicate `#[skip]` here
 --> tests/ui/fail/skip/duplicate_setters_3.rs:5:7
  |
5 |     #[skip(setters)] #[skip]
  |       ^^^^
