error: structures are not supported as bit-field specifiers
 --> tests/26-invalid-struct-specifier.rs:4:1
  |
4 | / pub struct InvalidStructSpecifier {
5 | |     a: bool,
6 | |     b: B7,
7 | |     c: u8,
8 | | }
  | |_^
