error[E0308]: mismatched types
  --> tests/ui/fail/bits_attribute_wrong.rs:11:7
   |
11 |     #[bits = 9]
   |       ^^^^ expected an array with a size of 9, found one with a size of 1
