error: encountered duplicate `#[skip(getters)]` attribute for field
 --> tests/ui/skip/duplicate_specifier.rs:5:21
  |
5 |     #[skip(getters, getters)]
  |                     ^^^^^^^

error: duplicate `#[skip(getters)]` here
 --> tests/ui/skip/duplicate_specifier.rs:5:12
  |
5 |     #[skip(getters, getters)]
  |            ^^^^^^^
