error: encountered malformatted integer value for `bits` parameter: invalid digit found in string
 --> tests/bits-param/invalid-param-value-2.rs:3:19
  |
3 | #[bitfield(bits = -1)]
  |                   ^^
